httr *  checking examples ... ERROR
Running examples in 'httr-Ex.R' failed
The error most likely occurred in:

> base::assign(".ptime", proc.time(), pos = "CheckExEnv")
> ### Name: POST
> ### Title: POST file to a server.
> ### Aliases: POST
> 
> ### ** Examples
> 
> b <- new_bin()
Loading required package: rjson
> POST(b)
Response [http://requestb.in/1bvzced1]
  Status: 200
  Content-type: text/html; charset=utf-8
ok
 
> POST(b, body = "A simple text string")
Response [http://requestb.in/1bvzced1]
  Status: 200
  Content-type: text/html; charset=utf-8
ok
 
> POST(b, body = list(a = 1, b = 2, c = 3))
Response [http://requestb.in/1bvzced1]
  Status: 200
  Content-type: text/html; charset=utf-8
ok
 
> POST(b, body = list(a = 1, file = upload_file(system.file("CITATION"))))
Error in function (type, msg, asError = TRUE)  : Empty reply from server
Calls: POST ... make_request -> .postForm -> .Call -> <Anonymous> -> fun
Execution halted